  JIT plugin v.* is OK\.
  Loaded\.
 Loaded 1 plugins.


Started server on port: 7777, with maxplayers: 500 lanmode is OFF\.


Filterscripts
---------------
  Loaded 0 filterscripts\.

3
DEAD
BEEF
F00D
Number of vehicle models: 0
