  JIT plugin v.* is OK\.
  Loaded\.
 Loaded 1 plugins.


Started server on port: 7777, with maxplayers: 500 lanmode is OFF\.


Filterscripts
---------------
  Loaded 0 filterscripts\.

1 2 3 4
Number of vehicle models: 0
